// Jest Snapshot v1, https://goo.gl/fbAQLP

exports[`To Do List Should match its snapshot 1`] = `"received is not a function"`;
