// Jest Snapshot v1, https://goo.gl/fbAQLP

exports[`Creation Form Should match its snapshot 1`] = `
<DocumentFragment>
  <h1>
     Hello 
  </h1>
</DocumentFragment>
`;
