// Jest Snapshot v1, https://goo.gl/fbAQLP

exports[`To Do Item Should match its snapshot 1`] = `
<DocumentFragment>
  <div>
    ABC
  </div>
</DocumentFragment>
`;
